Modules list:
-------------
draw.o:
    CODE              Offs=000000  Size=000201  Align=00001  Fill=0000
main.o:
    CODE              Offs=000201  Size=000050  Align=00001  Fill=0000
D:\cc65\lib/pet.lib(_heap.o):
    DATA              Offs=000000  Size=00000A  Align=00001  Fill=0000
    ONCE              Offs=000000  Size=000010  Align=00001  Fill=0000
D:\cc65\lib/pet.lib(_scrsize.o):
    CODE              Offs=000251  Size=000006  Align=00001  Fill=0000
D:\cc65\lib/pet.lib(add.o):
    CODE              Offs=000257  Size=00001A  Align=00001  Fill=0000
D:\cc65\lib/pet.lib(addysp.o):
    CODE              Offs=000271  Size=00000E  Align=00001  Fill=0000
D:\cc65\lib/pet.lib(callmain.o):
    CODE              Offs=00027F  Size=000017  Align=00001  Fill=0000
    DATA              Offs=00000A  Size=000004  Align=00001  Fill=0000
D:\cc65\lib/pet.lib(checkst.o):
    CODE              Offs=000296  Size=00000A  Align=00001  Fill=0000
D:\cc65\lib/pet.lib(clrscr.o):
    CODE              Offs=0002A0  Size=00002A  Align=00001  Fill=0000
D:\cc65\lib/pet.lib(condes.o):
    CODE              Offs=0002CA  Size=00000C  Align=00001  Fill=0000
    DATA              Offs=00000E  Size=000025  Align=00001  Fill=0000
    ONCE              Offs=000010  Size=00000C  Align=00001  Fill=0000
D:\cc65\lib/pet.lib(conio.o):
D:\cc65\lib/pet.lib(cputc.o):
    CODE              Offs=0002D6  Size=00006F  Align=00001  Fill=0000
    RODATA            Offs=000000  Size=000032  Align=00001  Fill=0000
D:\cc65\lib/pet.lib(crt0.o):
    BSS               Offs=000000  Size=000002  Align=00001  Fill=0000
    STARTUP           Offs=000000  Size=000040  Align=00001  Fill=0000
    INIT              Offs=000000  Size=00001A  Align=00001  Fill=0000
D:\cc65\lib/pet.lib(decsp3.o):
    CODE              Offs=000345  Size=00000D  Align=00001  Fill=0000
D:\cc65\lib/pet.lib(exehdr.o):
    EXEHDR            Offs=000000  Size=00000C  Align=00001  Fill=0000
D:\cc65\lib/pet.lib(free.o):
    CODE              Offs=000352  Size=0001D3  Align=00001  Fill=0000
D:\cc65\lib/pet.lib(gotoxy.o):
    CODE              Offs=000525  Size=00000D  Align=00001  Fill=0000
D:\cc65\lib/pet.lib(icmp.o):
    CODE              Offs=000532  Size=00002E  Align=00001  Fill=0000
D:\cc65\lib/pet.lib(incax1.o):
    CODE              Offs=000560  Size=000007  Align=00001  Fill=0000
D:\cc65\lib/pet.lib(incaxy.o):
    CODE              Offs=000567  Size=00000B  Align=00001  Fill=0000
D:\cc65\lib/pet.lib(incsp2.o):
    CODE              Offs=000572  Size=000016  Align=00001  Fill=0000
D:\cc65\lib/pet.lib(incsp4.o):
    CODE              Offs=000588  Size=000005  Align=00001  Fill=0000
D:\cc65\lib/pet.lib(incsp7.o):
    CODE              Offs=00058D  Size=000005  Align=00001  Fill=0000
D:\cc65\lib/pet.lib(kbhit.o):
    CODE              Offs=000592  Size=000009  Align=00001  Fill=0000
D:\cc65\lib/pet.lib(kbsout.o):
    CODE              Offs=00059B  Size=000006  Align=00001  Fill=0000
D:\cc65\lib/pet.lib(ldaxi.o):
    CODE              Offs=0005A1  Size=00000D  Align=00001  Fill=0000
D:\cc65\lib/pet.lib(ldaxsp.o):
    CODE              Offs=0005AE  Size=000009  Align=00001  Fill=0000
D:\cc65\lib/pet.lib(leaaxsp.o):
    CODE              Offs=0005B7  Size=00000C  Align=00001  Fill=0000
D:\cc65\lib/pet.lib(loadaddr.o):
    LOADADDR          Offs=000000  Size=000002  Align=00001  Fill=0000
D:\cc65\lib/pet.lib(malloc.o):
    CODE              Offs=0005C3  Size=00010E  Align=00001  Fill=0000
D:\cc65\lib/pet.lib(memcpy.o):
    CODE              Offs=0006D1  Size=000041  Align=00001  Fill=0000
D:\cc65\lib/pet.lib(memset.o):
    CODE              Offs=000712  Size=00005D  Align=00001  Fill=0000
D:\cc65\lib/pet.lib(mod.o):
    CODE              Offs=00076F  Size=000014  Align=00001  Fill=0000
D:\cc65\lib/pet.lib(mul8.o):
    CODE              Offs=000783  Size=00003A  Align=00001  Fill=0000
D:\cc65\lib/pet.lib(neg.o):
    CODE              Offs=0007BD  Size=00000E  Align=00001  Fill=0000
D:\cc65\lib/pet.lib(popa.o):
    CODE              Offs=0007CB  Size=00000C  Align=00001  Fill=0000
D:\cc65\lib/pet.lib(popsreg.o):
    CODE              Offs=0007D7  Size=000010  Align=00001  Fill=0000
D:\cc65\lib/pet.lib(pushax.o):
    CODE              Offs=0007E7  Size=00001A  Align=00001  Fill=0000
D:\cc65\lib/pet.lib(pushw.o):
    CODE              Offs=000801  Size=00000F  Align=00001  Fill=0000
D:\cc65\lib/pet.lib(pushwsp.o):
    CODE              Offs=000810  Size=00001C  Align=00001  Fill=0000
D:\cc65\lib/pet.lib(rand.o):
    CODE              Offs=00082C  Size=00004A  Align=00001  Fill=0000
    DATA              Offs=000033  Size=000004  Align=00001  Fill=0000
D:\cc65\lib/pet.lib(scrsize.o):
    CODE              Offs=000876  Size=000013  Align=00001  Fill=0000
D:\cc65\lib/pet.lib(shelp.o):
    CODE              Offs=000889  Size=00001E  Align=00001  Fill=0000
D:\cc65\lib/pet.lib(staspidx.o):
    CODE              Offs=0008A7  Size=000016  Align=00001  Fill=0000
D:\cc65\lib/pet.lib(status.o):
D:\cc65\lib/pet.lib(staxsp.o):
    CODE              Offs=0008BD  Size=00000B  Align=00001  Fill=0000
D:\cc65\lib/pet.lib(staxspi.o):
    CODE              Offs=0008C8  Size=00001B  Align=00001  Fill=0000
D:\cc65\lib/pet.lib(sub.o):
    CODE              Offs=0008E3  Size=000015  Align=00001  Fill=0000
D:\cc65\lib/pet.lib(subysp.o):
    CODE              Offs=0008F8  Size=00000D  Align=00001  Fill=0000
D:\cc65\lib/pet.lib(udiv.o):
    CODE              Offs=000905  Size=00004F  Align=00001  Fill=0000
D:\cc65\lib/pet.lib(umod.o):
    CODE              Offs=000954  Size=000011  Align=00001  Fill=0000
D:\cc65\lib/pet.lib(zerobss.o):
    CODE              Offs=000965  Size=000023  Align=00001  Fill=0000
D:\cc65\lib/pet.lib(zeropage.o):
    ZEROPAGE          Offs=000000  Size=00001A  Align=00001  Fill=0000


Segment list:
-------------
Name                   Start     End    Size  Align
----------------------------------------------------
ZEROPAGE              000055  00006E  00001A  00001
LOADADDR              0003FF  000400  000002  00001
EXEHDR                000401  00040C  00000C  00001
STARTUP               00040D  00044C  000040  00001
ONCE                  00044D  00046A  00001E  00001
CODE                  00046B  000DF2  000988  00001
RODATA                000DF3  000E24  000032  00001
DATA                  000E25  000E5B  000037  00001
INIT                  000E5C  000E75  00001A  00001
BSS                   000E76  000E77  000002  00001


Exports list by name:
---------------------
BSOUT                     000A06 RLA    CURS_X                    0000C6 RLZ    
CURS_Y                    0000D8 RLZ    ST                        000096 RLZ    
__BSS_RUN__               000E76 RLA    __BSS_SIZE__              000002 REA    
__CONSTRUCTOR_COUNT__     000001 REA    __CONSTRUCTOR_TABLE__     000469 RLA    
__DESTRUCTOR_COUNT__      000000 REA    __DESTRUCTOR_TABLE__      000E25 RLA    
__EXEHDR__                000001 REA    __LOADADDR__              000001 REA    
__STACKSIZE__             000800 REA    __STARTUP__               000001 REA    
__heapend                 000E29 RLA    __heapfirst               000E2B RLA    
__heaplast                000E2D RLA    __heapptr                 000E27 RLA    
_buildscreen              00046B RLA    _clearscreen              0004BF RLA    
_clrscr                   00070B RLA    _draw_sprite              000514 RLA    
_drawscreen               0004F0 RLA    _free                     0007BD RLA    
_freescreen               0004DF RLA    _kbhit                    0009FD RLA    
_main                     00066C RLA    _malloc                   000A2E RLA    
_memcpy                   000B3C RLA    _memset                   000B85 RLA    
_rand                     000C97 RLA    _screensize               000CE1 RLA    
_update_sprite            0005C0 RLA    addysp                    0006DD RLA    
addysp1                   0006DC RLA    callmain                  0006EA RLA    
checkst                   000701 RLA    decsp3                    0007B0 RLA    
donelib                   000735 RLA    gotoxy                    000990 RLA    
incax1                    0009CB RLA    incaxy                    0009D4 RLA    
incsp2                    0009E5 RLA    incsp4                    0009F3 RLA    
incsp7                    0009F8 RLA    initheap                  00044D  LAI   
initlib                   00045D RLA    ldax0sp                   000A19 RLA    
ldaxidx                   000A0E RLA    ldaxysp                   000A1B RLA    
leaa0sp                   000A22 RLA    negax                     000C28 RLA    
plot                      000791 RLA    popa                      000C36 RLA    
popax                     0009DD RLA    popsargs                  000CF4 RLA    
popsreg                   000C42 RLA    ptr1                      00005D RLZ    
ptr2                      00005F RLZ    ptr3                      000061 RLZ    
ptr4                      000063 RLZ    pusha0                    000C54 RLA    
pushax                    000C56 RLA    pushw0sp                  000C7B RLA    
pushwidx                  000C6E RLA    screensize                0006BC RLA    
sp                        000055 RLZ    sreg                      000057 RLZ    
staspidx                  000D12 RLA    stax0sp                   000D28 RLA    
staxspidx                 000D33 RLA    subysp                    000D63 RLA    
tmp1                      000065 RLZ    tmp2                      000066 RLZ    
tosadda0                  0006C2 RLA    tosaddax                  0006C4 RLA    
tosicmp                   00099F RLA    tosmoda0                  000BDA RLA    
tossuba0                  000D4E RLA    tosumodax                 000DC1 RLA    
tosumula0                 000BEE RLA    udiv16                    000D81 RLA    
zerobss                   000DD0 RLA    


Exports list by value:
----------------------
__DESTRUCTOR_COUNT__      000000 REA    __CONSTRUCTOR_COUNT__     000001 REA    
__LOADADDR__              000001 REA    __STARTUP__               000001 REA    
__EXEHDR__                000001 REA    __BSS_SIZE__              000002 REA    
sp                        000055 RLZ    sreg                      000057 RLZ    
ptr1                      00005D RLZ    ptr2                      00005F RLZ    
ptr3                      000061 RLZ    ptr4                      000063 RLZ    
tmp1                      000065 RLZ    tmp2                      000066 RLZ    
ST                        000096 RLZ    CURS_X                    0000C6 RLZ    
CURS_Y                    0000D8 RLZ    initheap                  00044D  LAI   
initlib                   00045D RLA    __CONSTRUCTOR_TABLE__     000469 RLA    
_buildscreen              00046B RLA    _clearscreen              0004BF RLA    
_freescreen               0004DF RLA    _drawscreen               0004F0 RLA    
_draw_sprite              000514 RLA    _update_sprite            0005C0 RLA    
_main                     00066C RLA    screensize                0006BC RLA    
tosadda0                  0006C2 RLA    tosaddax                  0006C4 RLA    
addysp1                   0006DC RLA    addysp                    0006DD RLA    
callmain                  0006EA RLA    checkst                   000701 RLA    
_clrscr                   00070B RLA    donelib                   000735 RLA    
plot                      000791 RLA    decsp3                    0007B0 RLA    
_free                     0007BD RLA    __STACKSIZE__             000800 REA    
gotoxy                    000990 RLA    tosicmp                   00099F RLA    
incax1                    0009CB RLA    incaxy                    0009D4 RLA    
popax                     0009DD RLA    incsp2                    0009E5 RLA    
incsp4                    0009F3 RLA    incsp7                    0009F8 RLA    
_kbhit                    0009FD RLA    BSOUT                     000A06 RLA    
ldaxidx                   000A0E RLA    ldax0sp                   000A19 RLA    
ldaxysp                   000A1B RLA    leaa0sp                   000A22 RLA    
_malloc                   000A2E RLA    _memcpy                   000B3C RLA    
_memset                   000B85 RLA    tosmoda0                  000BDA RLA    
tosumula0                 000BEE RLA    negax                     000C28 RLA    
popa                      000C36 RLA    popsreg                   000C42 RLA    
pusha0                    000C54 RLA    pushax                    000C56 RLA    
pushwidx                  000C6E RLA    pushw0sp                  000C7B RLA    
_rand                     000C97 RLA    _screensize               000CE1 RLA    
popsargs                  000CF4 RLA    staspidx                  000D12 RLA    
stax0sp                   000D28 RLA    staxspidx                 000D33 RLA    
tossuba0                  000D4E RLA    subysp                    000D63 RLA    
udiv16                    000D81 RLA    tosumodax                 000DC1 RLA    
zerobss                   000DD0 RLA    __DESTRUCTOR_TABLE__      000E25 RLA    
__heapptr                 000E27 RLA    __heapend                 000E29 RLA    
__heapfirst               000E2B RLA    __heaplast                000E2D RLA    
__BSS_RUN__               000E76 RLA    


Imports list:
-------------
BSOUT (kbsout.o):
    crt0.o                    pet/crt0.s(10)
CURS_X (conio.o):
    gotoxy.o                  cbm/gotoxy.s(9)
CURS_Y (conio.o):
    gotoxy.o                  cbm/gotoxy.s(9)
ST (status.o):
    checkst.o                 pet/checkst.s(9)
    crt0.o                    pet/crt0.s(11)
__BSS_RUN__ ([linker generated]):
    _heap.o                   common/_heap.s(8)
    zerobss.o                 common/zerobss.s(8)
__BSS_SIZE__ ([linker generated]):
    _heap.o                   common/_heap.s(8)
    zerobss.o                 common/zerobss.s(8)
__CONSTRUCTOR_COUNT__ ([linker generated]):
    condes.o                  runtime/condes.s(18)
__CONSTRUCTOR_TABLE__ ([linker generated]):
    condes.o                  runtime/condes.s(18)
__DESTRUCTOR_COUNT__ ([linker generated]):
    condes.o                  runtime/condes.s(19)
__DESTRUCTOR_TABLE__ ([linker generated]):
    condes.o                  runtime/condes.s(19)
__EXEHDR__ (exehdr.o):
    [linker generated]        D:\cc65\cfg/pet.cfg(3)
__LOADADDR__ (loadaddr.o):
    [linker generated]        D:\cc65\cfg/pet.cfg(2)
__STACKSIZE__ ([linker generated]):
    _heap.o                   common/_heap.s(8)
    [linker generated]        D:\cc65\cfg/pet.cfg(10)
__STARTUP__ (crt0.o):
    main.o                    main.s(13)
__heapend (_heap.o):
    malloc.o                  /home/travis/build/cc65/cc65/asminc/_heap.inc(33)
__heapfirst (_heap.o):
    malloc.o                  /home/travis/build/cc65/cc65/asminc/_heap.inc(34)
    free.o                    /home/travis/build/cc65/cc65/asminc/_heap.inc(34)
__heaplast (_heap.o):
    malloc.o                  /home/travis/build/cc65/cc65/asminc/_heap.inc(35)
    free.o                    /home/travis/build/cc65/cc65/asminc/_heap.inc(35)
__heapptr (_heap.o):
    malloc.o                  /home/travis/build/cc65/cc65/asminc/_heap.inc(32)
    free.o                    /home/travis/build/cc65/cc65/asminc/_heap.inc(32)
_buildscreen (draw.o):
    main.o                    main.s(15)
_clearscreen (draw.o):
    main.o                    main.s(16)
_clrscr (clrscr.o):
    draw.o                    draw.s(13)
_draw_sprite (draw.o):
    main.o                    main.s(19)
_drawscreen (draw.o):
    main.o                    main.s(18)
_free (free.o):
    draw.o                    draw.s(16)
_freescreen (draw.o):
    main.o                    main.s(17)
_kbhit (kbhit.o):
    main.o                    main.s(14)
_main (main.o):
    callmain.o                runtime/callmain.s(11)
_malloc (malloc.o):
    draw.o                    draw.s(15)
_memcpy (memcpy.o):
    draw.o                    draw.s(18)
_memset (memset.o):
    draw.o                    draw.s(19)
_rand (rand.o):
    draw.o                    draw.s(17)
_screensize (scrsize.o):
    draw.o                    draw.s(14)
_update_sprite (draw.o):
    main.o                    main.s(20)
addysp (addysp.o):
    incsp7.o                  runtime/incsp7.s(8)
    incsp4.o                  runtime/incsp4.s(8)
    main.o                    main.s(66)
addysp1 (addysp.o):
    sub.o                     runtime/sub.s(8)
callmain (callmain.o):
    crt0.o                    pet/crt0.s(9)
checkst (checkst.o):
    kbsout.o                  pet/kbsout.s(8)
decsp3 (decsp3.o):
    draw.o                    draw.s(311)
donelib (condes.o):
    crt0.o                    pet/crt0.s(7)
gotoxy (gotoxy.o):
    cputc.o                   pet/cputc.s(10)
incax1 (incax1.o):
    draw.o                    draw.s(311)
incaxy (incaxy.o):
    draw.o                    draw.s(311)
incsp2 (incsp2.o):
    staxspi.o                 runtime/staxspi.s(8)
    staspidx.o                runtime/staspidx.s(8)
    popsreg.o                 runtime/popsreg.s(8)
    draw.o                    draw.s(311)
    draw.o                    draw.s(311)
    draw.o                    draw.s(311)
    draw.o                    draw.s(311)
incsp4 (incsp4.o):
    draw.o                    draw.s(311)
incsp7 (incsp7.o):
    draw.o                    draw.s(311)
initlib (condes.o):
    crt0.o                    pet/crt0.s(7)
ldax0sp (ldaxsp.o):
    draw.o                    draw.s(311)
    draw.o                    draw.s(311)
ldaxidx (ldaxi.o):
    draw.o                    draw.s(311)
    draw.o                    draw.s(311)
    draw.o                    draw.s(311)
    draw.o                    draw.s(311)
ldaxysp (ldaxsp.o):
    draw.o                    draw.s(311)
    draw.o                    draw.s(311)
    draw.o                    draw.s(311)
    draw.o                    draw.s(311)
    draw.o                    draw.s(311)
leaa0sp (leaaxsp.o):
    main.o                    main.s(66)
negax (neg.o):
    shelp.o                   runtime/shelp.s(11)
    mod.o                     runtime/mod.s(11)
plot (cputc.o):
    gotoxy.o                  cbm/gotoxy.s(8)
    clrscr.o                  pet/clrscr.s(8)
popa (popa.o):
    gotoxy.o                  cbm/gotoxy.s(8)
popax (incsp2.o):
    shelp.o                   runtime/shelp.s(11)
    memset.o                  common/memset.s(19)
    memcpy.o                  common/memcpy.s(14)
popsargs (shelp.o):
    mod.o                     runtime/mod.s(11)
popsreg (popsreg.o):
    umod.o                    runtime/umod.s(8)
    udiv.o                    runtime/udiv.s(8)
    scrsize.o                 conio/scrsize.s(9)
    mul8.o                    runtime/mul8.s(9)
ptr1 (zeropage.o):
    zerobss.o                 common/zerobss.s(9)
    umod.o                    runtime/umod.s(9)
    udiv.o                    runtime/udiv.s(9)
    staxspi.o                 runtime/staxspi.s(9)
    staspidx.o                runtime/staspidx.s(9)
    scrsize.o                 conio/scrsize.s(11)
    pushw.o                   runtime/pushw.s(9)
    mod.o                     runtime/mod.s(12)
    memset.o                  common/memset.s(20)
    memcpy.o                  common/memcpy.s(15)
    malloc.o                  common/malloc.s(108)
    ldaxi.o                   runtime/ldaxi.s(8)
    free.o                    common/free.s(62)
    clrscr.o                  pet/clrscr.s(9)
    draw.o                    draw.s(11)
ptr2 (zeropage.o):
    memset.o                  common/memset.s(20)
    memcpy.o                  common/memcpy.s(15)
    malloc.o                  common/malloc.s(108)
    free.o                    common/free.s(62)
ptr3 (zeropage.o):
    memset.o                  common/memset.s(20)
    memcpy.o                  common/memcpy.s(15)
    malloc.o                  common/malloc.s(108)
    free.o                    common/free.s(62)
ptr4 (zeropage.o):
    umod.o                    runtime/umod.s(9)
    udiv.o                    runtime/udiv.s(9)
    shelp.o                   runtime/shelp.s(12)
    mul8.o                    runtime/mul8.s(10)
    free.o                    common/free.s(62)
pusha0 (pushax.o):
    draw.o                    draw.s(311)
    draw.o                    draw.s(311)
    draw.o                    draw.s(311)
    draw.o                    draw.s(311)
pushax (pushax.o):
    callmain.o                runtime/callmain.s(11)
    pushw.o                   runtime/pushw.s(8)
    main.o                    main.s(66)
    draw.o                    draw.s(311)
    draw.o                    draw.s(311)
    draw.o                    draw.s(311)
    draw.o                    draw.s(311)
    draw.o                    draw.s(311)
    draw.o                    draw.s(311)
pushw0sp (pushwsp.o):
    draw.o                    draw.s(311)
    draw.o                    draw.s(311)
pushwidx (pushw.o):
    draw.o                    draw.s(311)
    draw.o                    draw.s(311)
    draw.o                    draw.s(311)
screensize (_scrsize.o):
    scrsize.o                 conio/scrsize.s(10)
sp (zeropage.o):
    _heap.o                   common/_heap.s(9)
    subysp.o                  runtime/subysp.s(9)
    sub.o                     runtime/sub.s(9)
    staxspi.o                 runtime/staxspi.s(9)
    staxsp.o                  runtime/staxsp.s(8)
    staspidx.o                runtime/staspidx.s(9)
    pushwsp.o                 runtime/pushwsp.s(8)
    pushax.o                  runtime/pushax.s(8)
    popsreg.o                 runtime/popsreg.s(9)
    popa.o                    runtime/popa.s(8)
    memset.o                  common/memset.s(20)
    memcpy.o                  common/memcpy.s(15)
    leaaxsp.o                 runtime/leaaxsp.s(8)
    ldaxsp.o                  runtime/ldaxsp.s(8)
    incsp2.o                  runtime/incsp2.s(8)
    icmp.o                    runtime/icmp.s(9)
    decsp3.o                  runtime/decsp3.s(8)
    crt0.o                    /home/travis/build/cc65/cc65/asminc/zeropage.inc(11)
    addysp.o                  runtime/addysp.s(8)
    add.o                     runtime/add.s(11)
    draw.o                    draw.s(10)
sreg (zeropage.o):
    udiv.o                    runtime/udiv.s(9)
    shelp.o                   runtime/shelp.s(12)
    scrsize.o                 conio/scrsize.s(11)
    popsreg.o                 runtime/popsreg.s(9)
    mul8.o                    runtime/mul8.s(10)
    icmp.o                    runtime/icmp.s(9)
staspidx (staspidx.o):
    draw.o                    draw.s(311)
stax0sp (staxsp.o):
    draw.o                    draw.s(311)
staxspidx (staxspi.o):
    draw.o                    draw.s(311)
subysp (subysp.o):
    main.o                    main.s(66)
tmp1 (zeropage.o):
    staxspi.o                 runtime/staxspi.s(9)
    staspidx.o                runtime/staspidx.s(9)
    shelp.o                   runtime/shelp.s(12)
    mod.o                     runtime/mod.s(12)
    incaxy.o                  runtime/incaxy.s(8)
tmp2 (zeropage.o):
    shelp.o                   runtime/shelp.s(12)
tosadda0 (add.o):
    draw.o                    draw.s(311)
tosaddax (add.o):
    draw.o                    draw.s(311)
tosicmp (icmp.o):
    draw.o                    draw.s(311)
tosmoda0 (mod.o):
    draw.o                    draw.s(311)
tossuba0 (sub.o):
    draw.o                    draw.s(311)
tosumodax (umod.o):
    draw.o                    draw.s(311)
tosumula0 (mul8.o):
    draw.o                    draw.s(311)
    draw.o                    draw.s(311)
udiv16 (udiv.o):
    umod.o                    runtime/umod.s(8)
    mod.o                     runtime/mod.s(11)
zerobss (zerobss.o):
    crt0.o                    pet/crt0.s(8)

